{
  "Root": {
    "Title": null,
    "Parts": [
      {
        "Title": null,
        "Parts": [
          {
            "Content": "I have content to go here, but I don't want to use frontmatter. This is a test document to check how the parser handles structured markdown without frontmatter.",
            "Metadata": null
          }
        ],
        "Metadata": {
          "section": "named-sub-section",
          "tags": [
            "external-section"
          ]
        }
      }
    ],
    "Metadata": null
  },
  "Metadata": null
}
